Fitter Status : Successful - Sat Dec  7 17:53:40 2019
Quartus II 64-Bit Version : 15.0.0 Build 145 04/22/2015 SJ Full Version
Revision Name : system
Top-level Entity Name : system
Family : Cyclone IV E
Device : EP4CE115F29C8
Timing Models : Final
Total logic elements : 15,778 / 114,480 ( 14 % )
    Total combinational functions : 13,961 / 114,480 ( 12 % )
    Dedicated logic registers : 8,506 / 114,480 ( 7 % )
Total registers : 8506
Total pins : 102 / 529 ( 19 % )
Total virtual pins : 0
Total memory bits : 524,288 / 3,981,312 ( 13 % )
Embedded Multiplier 9-bit elements : 0 / 532 ( 0 % )
Total PLLs : 0 / 4 ( 0 % )
Analysis & Synthesis Status : Successful - Sat Dec  7 17:47:50 2019
Quartus II 64-Bit Version : 15.0.0 Build 145 04/22/2015 SJ Full Version
Revision Name : system
Top-level Entity Name : system
Family : Cyclone IV E
Total logic elements : 20,556
    Total combinational functions : 13,929
    Dedicated logic registers : 8,506
Total registers : 8506
Total pins : 102
Total virtual pins : 0
Total memory bits : 524,288
Embedded Multiplier 9-bit elements : 0
Total PLLs : 0
------------------------------------------------------------
TimeQuest Timing Analyzer Summary
------------------------------------------------------------

Type  : Slow 1200mV 85C Model Setup 'CPUCLK'
Slack : -13.544
TNS   : -69974.726

Type  : Slow 1200mV 85C Model Setup 'CLK'
Slack : -11.253
TNS   : -2065.832

Type  : Slow 1200mV 85C Model Setup 'altera_reserved_tck'
Slack : 42.632
TNS   : 0.000

Type  : Slow 1200mV 85C Model Hold 'CPUCLK'
Slack : 0.422
TNS   : 0.000

Type  : Slow 1200mV 85C Model Hold 'CLK'
Slack : 0.425
TNS   : 0.000

Type  : Slow 1200mV 85C Model Hold 'altera_reserved_tck'
Slack : 0.430
TNS   : 0.000

Type  : Slow 1200mV 85C Model Recovery 'altera_reserved_tck'
Slack : 47.788
TNS   : 0.000

Type  : Slow 1200mV 85C Model Removal 'altera_reserved_tck'
Slack : 1.119
TNS   : 0.000

Type  : Slow 1200mV 85C Model Minimum Pulse Width 'CLK'
Slack : -1.701
TNS   : -328.092

Type  : Slow 1200mV 85C Model Minimum Pulse Width 'CPUCLK'
Slack : 2.208
TNS   : 0.000

Type  : Slow 1200mV 85C Model Minimum Pulse Width 'altera_reserved_tck'
Slack : 49.499
TNS   : 0.000

Type  : Slow 1200mV 0C Model Setup 'CPUCLK'
Slack : -12.588
TNS   : -63859.544

Type  : Slow 1200mV 0C Model Setup 'CLK'
Slack : -10.400
TNS   : -1899.586

Type  : Slow 1200mV 0C Model Setup 'altera_reserved_tck'
Slack : 43.077
TNS   : 0.000

Type  : Slow 1200mV 0C Model Hold 'CPUCLK'
Slack : 0.373
TNS   : 0.000

Type  : Slow 1200mV 0C Model Hold 'CLK'
Slack : 0.375
TNS   : 0.000

Type  : Slow 1200mV 0C Model Hold 'altera_reserved_tck'
Slack : 0.392
TNS   : 0.000

Type  : Slow 1200mV 0C Model Recovery 'altera_reserved_tck'
Slack : 48.066
TNS   : 0.000

Type  : Slow 1200mV 0C Model Removal 'altera_reserved_tck'
Slack : 1.020
TNS   : 0.000

Type  : Slow 1200mV 0C Model Minimum Pulse Width 'CLK'
Slack : -1.701
TNS   : -328.092

Type  : Slow 1200mV 0C Model Minimum Pulse Width 'CPUCLK'
Slack : 2.172
TNS   : 0.000

Type  : Slow 1200mV 0C Model Minimum Pulse Width 'altera_reserved_tck'
Slack : 49.356
TNS   : 0.000

Type  : Fast 1200mV 0C Model Setup 'CLK'
Slack : -3.791
TNS   : -642.253

Type  : Fast 1200mV 0C Model Setup 'CPUCLK'
Slack : -3.120
TNS   : -9904.936

Type  : Fast 1200mV 0C Model Setup 'altera_reserved_tck'
Slack : 46.875
TNS   : 0.000

Type  : Fast 1200mV 0C Model Hold 'altera_reserved_tck'
Slack : 0.142
TNS   : 0.000

Type  : Fast 1200mV 0C Model Hold 'CPUCLK'
Slack : 0.173
TNS   : 0.000

Type  : Fast 1200mV 0C Model Hold 'CLK'
Slack : 0.174
TNS   : 0.000

Type  : Fast 1200mV 0C Model Recovery 'altera_reserved_tck'
Slack : 49.209
TNS   : 0.000

Type  : Fast 1200mV 0C Model Removal 'altera_reserved_tck'
Slack : 0.488
TNS   : 0.000

Type  : Fast 1200mV 0C Model Minimum Pulse Width 'CLK'
Slack : -1.500
TNS   : -1.500

Type  : Fast 1200mV 0C Model Minimum Pulse Width 'CPUCLK'
Slack : 2.205
TNS   : 0.000

Type  : Fast 1200mV 0C Model Minimum Pulse Width 'altera_reserved_tck'
Slack : 49.454
TNS   : 0.000

------------------------------------------------------------
